// Jest Snapshot v1, https://goo.gl/fbAQLP

exports[`DashboardComponent should pass snapshot test 1`] = `
<app-dashboard
  service={[Function CharacterService]}
>
  
</app-dashboard>
`;
